<html>
<body>
<pre>
<h1>礦ision Build Log</h1>
<h2>Tool Versions:</h2>
IDE-Version: μVision V5.27.1.0
Copyright (C) 2019 ARM Ltd and ARM Germany GmbH. All rights reserved.
License Information: sansui sansui, sansui, LIC=----
 
Tool Versions:
Toolchain:       MDK-Lite  Version: 5.25.0.0
Toolchain Path:  E:\code\Keil\ARM\ARMCC\Bin
C Compiler:      Armcc.exe V5.06 update 6 (build 750)
Assembler:       Armasm.exe V5.06 update 6 (build 750)
Linker/Locator:  ArmLink.exe V5.06 update 6 (build 750)
Library Manager: ArmAr.exe V5.06 update 6 (build 750)
Hex Converter:   FromElf.exe V5.06 update 6 (build 750)
CPU DLL:         SARMCM3.DLL V5.25.0.0
Dialog DLL:      DCM.DLL V1.17.0.0
Target DLL:      STLink\ST-LINKIII-KEIL_SWO.dll V3.0.1.0
Dialog DLL:      TCM.DLL V1.34.0.0
 
<h2>Project:</h2>
D:\Desktop\编程\adriniuo\work\016. 浊度传感器学习资料\06. STM32 利用数字模式读取浊度信息 --数字方式\例程zhangwenchao\例程zhangwenchao\project\56.浊度传感器 - 数值读取\gpio.uvprojx
Project File Date:  03/08/2025

<h2>Output:</h2>
*** Using Compiler 'V5.06 update 6 (build 750)', folder: 'E:\code\Keil\ARM\ARMCC\Bin'
Rebuild target 'gpio'
compiling stm32f10x_crc.c...
compiling misc.c...
compiling main.c...
compiling stm32f10x_dma.c...
compiling stm32f10x_exti.c...
compiling stm32f10x_bkp.c...
compiling stm32f10x_cec.c...
compiling stm32f10x_dbgmcu.c...
compiling stm32f10x_adc.c...
compiling stm32f10x_dac.c...
compiling stm32f10x_flash.c...
compiling stm32f10x_fsmc.c...
compiling stm32f10x_i2c.c...
compiling stm32f10x_gpio.c...
compiling stm32f10x_can.c...
compiling stm32f10x_iwdg.c...
compiling stm32f10x_pwr.c...
compiling stm32f10x_rcc.c...
compiling stm32f10x_rtc.c...
compiling stm32f10x_sdio.c...
compiling stm32f10x_spi.c...
assembling startup_stm32f10x_md.s...
compiling stm32f10x_usart.c...
compiling gpio.c...
compiling stm32f10x_wwdg.c...
compiling systick.c...
compiling nvic.c...
compiling uart.c...
compiling stm32f10x_tim.c...
compiling iwdg.c...
compiling exti.c...
compiling system_stm32f10x.c...
compiling spi.c...
compiling nrf2401.c...
compiling timer.c...
linking...
Program Size: Code=13396 RO-data=268 RW-data=48 ZI-data=1128  
FromELF: creating hex file...
".\Objects\gpio.axf" - 0 Error(s), 0 Warning(s).

<h2>Software Packages used:</h2>

Package Vendor: ARM
                http://www.keil.com/pack/ARM.CMSIS.5.2.0.pack
                ARM.CMSIS.5.2.0
                CMSIS (Cortex Microcontroller Software Interface Standard)
   * Component: CORE Version: 5.0.2

Package Vendor: Keil
                http://www.keil.com/pack/Keil.STM32F1xx_DFP.2.4.0.pack
                Keil.STM32F1xx_DFP.2.4.0
                STMicroelectronics STM32F1 Series Device Support, Drivers and Examples
   * Component: Startup Version: 1.0.0

<h2>Collection of Component include folders:</h2>
  .\RTE\Device\STM32F103C8
  .\RTE\_gpio
  E:\code\Keil\ARM\PACK\ARM\CMSIS\5.2.0\CMSIS\Include
  E:\code\Keil\ARM\PACK\Keil\STM32F1xx_DFP\2.4.0\Device\Include

<h2>Collection of Component Files used:</h2>

   * Component: ARM::CMSIS:CORE:5.0.2

   * Component: Keil::Device:Startup:1.0.0
      Source file:   Device\Source\ARM\STM32F1xx_OPT.s
      Include file:  RTE_Driver\Config\RTE_Device.h
      Source file:   Device\Source\system_stm32f10x.c
      Source file:   Device\Source\ARM\startup_stm32f10x_md.s
Build Time Elapsed:  00:00:03
</pre>
</body>
</html>
